------------------------------------------------------------
TimeQuest Timing Analyzer Summary
------------------------------------------------------------

Type  : Slow Model Setup 'system_pll_inst|altpll_component|pll|clk[0]'
Slack : 0.179
TNS   : 0.000

Type  : Slow Model Hold 'system_pll_inst|altpll_component|pll|clk[0]'
Slack : 0.445
TNS   : 0.000

Type  : Slow Model Recovery 'system_pll_inst|altpll_component|pll|clk[0]'
Slack : 1.549
TNS   : 0.000

Type  : Slow Model Removal 'system_pll_inst|altpll_component|pll|clk[0]'
Slack : 2.745
TNS   : 0.000

Type  : Slow Model Minimum Pulse Width 'system_pll_inst|altpll_component|pll|clk[0]'
Slack : 1.981
TNS   : 0.000

Type  : Slow Model Minimum Pulse Width 'core_clock'
Slack : 10.000
TNS   : 0.000

Type  : Slow Model Minimum Pulse Width 'altera_reserved_tck'
Slack : 97.531
TNS   : 0.000

Type  : Fast Model Setup 'system_pll_inst|altpll_component|pll|clk[0]'
Slack : 2.816
TNS   : 0.000

Type  : Fast Model Hold 'system_pll_inst|altpll_component|pll|clk[0]'
Slack : 0.215
TNS   : 0.000

Type  : Fast Model Recovery 'system_pll_inst|altpll_component|pll|clk[0]'
Slack : 2.763
TNS   : 0.000

Type  : Fast Model Removal 'system_pll_inst|altpll_component|pll|clk[0]'
Slack : 1.660
TNS   : 0.000

Type  : Fast Model Minimum Pulse Width 'system_pll_inst|altpll_component|pll|clk[0]'
Slack : 2.418
TNS   : 0.000

Type  : Fast Model Minimum Pulse Width 'core_clock'
Slack : 10.000
TNS   : 0.000

Type  : Fast Model Minimum Pulse Width 'altera_reserved_tck'
Slack : 97.778
TNS   : 0.000

------------------------------------------------------------
