------------------------------------------------------------
Timing Analyzer Summary
------------------------------------------------------------

Type  : Slow 1100mV 100C Model Setup 'rV_system|pll_50_150|altera_pll_i|general[0].gpll~PLL_OUTPUT_COUNTER|divclk'
Slack : 0.657
TNS   : 0.000

Type  : Slow 1100mV 100C Model Setup 'altera_reserved_tck'
Slack : 11.162
TNS   : 0.000

Type  : Slow 1100mV 100C Model Hold 'rV_system|pll_50_150|altera_pll_i|general[0].gpll~PLL_OUTPUT_COUNTER|divclk'
Slack : 0.362
TNS   : 0.000

Type  : Slow 1100mV 100C Model Hold 'altera_reserved_tck'
Slack : 0.520
TNS   : 0.000

Type  : Slow 1100mV 100C Model Recovery 'rV_system|pll_50_150|altera_pll_i|general[0].gpll~PLL_OUTPUT_COUNTER|divclk'
Slack : 2.587
TNS   : 0.000

Type  : Slow 1100mV 100C Model Recovery 'altera_reserved_tck'
Slack : 13.286
TNS   : 0.000

Type  : Slow 1100mV 100C Model Removal 'rV_system|pll_50_150|altera_pll_i|general[0].gpll~PLL_OUTPUT_COUNTER|divclk'
Slack : 0.646
TNS   : 0.000

Type  : Slow 1100mV 100C Model Removal 'altera_reserved_tck'
Slack : 1.144
TNS   : 0.000

Type  : Slow 1100mV 100C Model Minimum Pulse Width 'rV_system|pll_50_150|altera_pll_i|general[0].gpll~FRACTIONAL_PLL|vcoph[0]'
Slack : 1.666
TNS   : 0.000

Type  : Slow 1100mV 100C Model Minimum Pulse Width 'rV_system|pll_50_150|altera_pll_i|general[0].gpll~PLL_OUTPUT_COUNTER|divclk'
Slack : 1.905
TNS   : 0.000

Type  : Slow 1100mV 100C Model Minimum Pulse Width 'clk'
Slack : 9.730
TNS   : 0.000

Type  : Slow 1100mV 100C Model Minimum Pulse Width 'altera_reserved_tck'
Slack : 15.182
TNS   : 0.000

Type  : Slow 1100mV -40C Model Setup 'rV_system|pll_50_150|altera_pll_i|general[0].gpll~PLL_OUTPUT_COUNTER|divclk'
Slack : 0.696
TNS   : 0.000

Type  : Slow 1100mV -40C Model Setup 'altera_reserved_tck'
Slack : 11.241
TNS   : 0.000

Type  : Slow 1100mV -40C Model Hold 'rV_system|pll_50_150|altera_pll_i|general[0].gpll~PLL_OUTPUT_COUNTER|divclk'
Slack : 0.342
TNS   : 0.000

Type  : Slow 1100mV -40C Model Hold 'altera_reserved_tck'
Slack : 0.502
TNS   : 0.000

Type  : Slow 1100mV -40C Model Recovery 'rV_system|pll_50_150|altera_pll_i|general[0].gpll~PLL_OUTPUT_COUNTER|divclk'
Slack : 2.753
TNS   : 0.000

Type  : Slow 1100mV -40C Model Recovery 'altera_reserved_tck'
Slack : 13.490
TNS   : 0.000

Type  : Slow 1100mV -40C Model Removal 'rV_system|pll_50_150|altera_pll_i|general[0].gpll~PLL_OUTPUT_COUNTER|divclk'
Slack : 0.610
TNS   : 0.000

Type  : Slow 1100mV -40C Model Removal 'altera_reserved_tck'
Slack : 1.065
TNS   : 0.000

Type  : Slow 1100mV -40C Model Minimum Pulse Width 'rV_system|pll_50_150|altera_pll_i|general[0].gpll~FRACTIONAL_PLL|vcoph[0]'
Slack : 1.666
TNS   : 0.000

Type  : Slow 1100mV -40C Model Minimum Pulse Width 'rV_system|pll_50_150|altera_pll_i|general[0].gpll~PLL_OUTPUT_COUNTER|divclk'
Slack : 1.890
TNS   : 0.000

Type  : Slow 1100mV -40C Model Minimum Pulse Width 'clk'
Slack : 9.754
TNS   : 0.000

Type  : Slow 1100mV -40C Model Minimum Pulse Width 'altera_reserved_tck'
Slack : 15.234
TNS   : 0.000

Type  : Fast 1100mV 100C Model Setup 'rV_system|pll_50_150|altera_pll_i|general[0].gpll~PLL_OUTPUT_COUNTER|divclk'
Slack : 3.542
TNS   : 0.000

Type  : Fast 1100mV 100C Model Setup 'altera_reserved_tck'
Slack : 13.998
TNS   : 0.000

Type  : Fast 1100mV 100C Model Hold 'rV_system|pll_50_150|altera_pll_i|general[0].gpll~PLL_OUTPUT_COUNTER|divclk'
Slack : 0.180
TNS   : 0.000

Type  : Fast 1100mV 100C Model Hold 'altera_reserved_tck'
Slack : 0.211
TNS   : 0.000

Type  : Fast 1100mV 100C Model Recovery 'rV_system|pll_50_150|altera_pll_i|general[0].gpll~PLL_OUTPUT_COUNTER|divclk'
Slack : 4.166
TNS   : 0.000

Type  : Fast 1100mV 100C Model Recovery 'altera_reserved_tck'
Slack : 14.934
TNS   : 0.000

Type  : Fast 1100mV 100C Model Removal 'rV_system|pll_50_150|altera_pll_i|general[0].gpll~PLL_OUTPUT_COUNTER|divclk'
Slack : 0.338
TNS   : 0.000

Type  : Fast 1100mV 100C Model Removal 'altera_reserved_tck'
Slack : 0.455
TNS   : 0.000

Type  : Fast 1100mV 100C Model Minimum Pulse Width 'rV_system|pll_50_150|altera_pll_i|general[0].gpll~FRACTIONAL_PLL|vcoph[0]'
Slack : 1.666
TNS   : 0.000

Type  : Fast 1100mV 100C Model Minimum Pulse Width 'rV_system|pll_50_150|altera_pll_i|general[0].gpll~PLL_OUTPUT_COUNTER|divclk'
Slack : 2.218
TNS   : 0.000

Type  : Fast 1100mV 100C Model Minimum Pulse Width 'clk'
Slack : 9.347
TNS   : 0.000

Type  : Fast 1100mV 100C Model Minimum Pulse Width 'altera_reserved_tck'
Slack : 15.051
TNS   : 0.000

Type  : Fast 1100mV -40C Model Setup 'rV_system|pll_50_150|altera_pll_i|general[0].gpll~PLL_OUTPUT_COUNTER|divclk'
Slack : 4.011
TNS   : 0.000

Type  : Fast 1100mV -40C Model Setup 'altera_reserved_tck'
Slack : 14.394
TNS   : 0.000

Type  : Fast 1100mV -40C Model Hold 'altera_reserved_tck'
Slack : 0.161
TNS   : 0.000

Type  : Fast 1100mV -40C Model Hold 'rV_system|pll_50_150|altera_pll_i|general[0].gpll~PLL_OUTPUT_COUNTER|divclk'
Slack : 0.166
TNS   : 0.000

Type  : Fast 1100mV -40C Model Recovery 'rV_system|pll_50_150|altera_pll_i|general[0].gpll~PLL_OUTPUT_COUNTER|divclk'
Slack : 4.598
TNS   : 0.000

Type  : Fast 1100mV -40C Model Recovery 'altera_reserved_tck'
Slack : 15.282
TNS   : 0.000

Type  : Fast 1100mV -40C Model Removal 'rV_system|pll_50_150|altera_pll_i|general[0].gpll~PLL_OUTPUT_COUNTER|divclk'
Slack : 0.273
TNS   : 0.000

Type  : Fast 1100mV -40C Model Removal 'altera_reserved_tck'
Slack : 0.374
TNS   : 0.000

Type  : Fast 1100mV -40C Model Minimum Pulse Width 'rV_system|pll_50_150|altera_pll_i|general[0].gpll~FRACTIONAL_PLL|vcoph[0]'
Slack : 1.666
TNS   : 0.000

Type  : Fast 1100mV -40C Model Minimum Pulse Width 'rV_system|pll_50_150|altera_pll_i|general[0].gpll~PLL_OUTPUT_COUNTER|divclk'
Slack : 2.222
TNS   : 0.000

Type  : Fast 1100mV -40C Model Minimum Pulse Width 'clk'
Slack : 9.274
TNS   : 0.000

Type  : Fast 1100mV -40C Model Minimum Pulse Width 'altera_reserved_tck'
Slack : 15.112
TNS   : 0.000

------------------------------------------------------------
